Copyright 1986-2019 Xilinx, Inc. All Rights Reserved.
--------------------------------------------------------------------------------------
| Tool Version : Vivado v.2019.2 (lin64) Build 2708876 Wed Nov  6 21:39:14 MST 2019
| Date         : Tue Apr 21 15:26:12 2020
| Host         : cumulus running 64-bit Ubuntu 15.04
| Command      : report_control_sets -verbose -file CKiller24_control_sets_placed.rpt
| Design       : CKiller24
| Device       : xc7a100t
--------------------------------------------------------------------------------------

Control Set Information

Table of Contents
-----------------
1. Summary
2. Histogram
3. Flip-Flop Distribution
4. Detailed Control Set Information

1. Summary
----------

+----------------------------------------------------------+-------+
|                          Status                          | Count |
+----------------------------------------------------------+-------+
| Total control sets                                       |    21 |
|    Minimum number of control sets                        |    21 |
|    Addition due to synthesis replication                 |     0 |
|    Addition due to physical synthesis replication        |     0 |
| Unused register locations in slices containing registers |    30 |
+----------------------------------------------------------+-------+
* Control sets can be merged at opt_design using control_set_merge or merge_equivalent_drivers
** Run report_qor_suggestions for automated merging and remapping suggestions


2. Histogram
------------

+--------------------+-------+
|       Fanout       | Count |
+--------------------+-------+
| Total control sets |    21 |
| >= 0 to < 4        |     1 |
| >= 4 to < 6        |     0 |
| >= 6 to < 8        |     1 |
| >= 8 to < 10       |     0 |
| >= 10 to < 12      |     0 |
| >= 12 to < 14      |     0 |
| >= 14 to < 16      |     0 |
| >= 16              |    19 |
+--------------------+-------+
* Control sets can be remapped at either synth_design or opt_design


3. Flip-Flop Distribution
-------------------------

+--------------+-----------------------+------------------------+-----------------+--------------+
| Clock Enable | Synchronous Set/Reset | Asynchronous Set/Reset | Total Registers | Total Slices |
+--------------+-----------------------+------------------------+-----------------+--------------+
| No           | No                    | No                     |             101 |           28 |
| No           | No                    | Yes                    |               6 |            2 |
| No           | Yes                   | No                     |               0 |            0 |
| Yes          | No                    | No                     |             359 |          138 |
| Yes          | No                    | Yes                    |              16 |            5 |
| Yes          | Yes                   | No                     |               0 |            0 |
+--------------+-----------------------+------------------------+-----------------+--------------+


4. Detailed Control Set Information
-----------------------------------

+----------------------+----------------------------+------------------+------------------+----------------+
|     Clock Signal     |        Enable Signal       | Set/Reset Signal | Slice Load Count | Bel Load Count |
+----------------------+----------------------------+------------------+------------------+----------------+
|  clk_IBUF_BUFG       | cu/exeOut[1]_i_1_n_0       |                  |                1 |              2 |
|  clk_IBUF_BUFG       |                            | rst_IBUF         |                2 |              6 |
|  clk_IBUF_BUFG       | cu/PC[15]_i_1_n_0          | rst_IBUF         |                5 |             16 |
|  clk_IBUF_BUFG       | cu/progmemAddr[15]_i_1_n_0 |                  |                3 |             16 |
|  clkDiv_reg_BUFG[17] |                            |                  |                8 |             18 |
|  clk100M_IBUF_BUFG   |                            |                  |                5 |             20 |
|  clk_IBUF_BUFG       |                            |                  |                8 |             22 |
|  cu/regClk_BUFG      | rf/ad/D[5]                 |                  |               10 |             24 |
|  cu/regClk_BUFG      | rf/ad/D[7]                 |                  |               11 |             24 |
|  cu/regClk_BUFG      | rf/ad/D[4]                 |                  |               11 |             24 |
|  cu/regClk_BUFG      | rf/ad/D[6]                 |                  |               10 |             24 |
|  clk_IBUF_BUFG       | cu/IR[23]_i_1_n_0          |                  |               23 |             24 |
|  cu/regClk_BUFG      | rf/ad/D[3]                 |                  |               10 |             24 |
|  cu/regClk_BUFG      | rf/ad/D[2]                 |                  |               10 |             24 |
|  clk_IBUF_BUFG       | cu/opB[23]_i_1_n_0         |                  |                5 |             24 |
|  clk_IBUF_BUFG       | cu/regDataD[23]_i_1_n_0    |                  |                7 |             24 |
|  clk_IBUF_BUFG       | cu/opA[23]_i_1_n_0         |                  |                6 |             24 |
|  cu/regClk_BUFG      | rf/ad/D[1]                 |                  |               11 |             24 |
|  cu/regClk_BUFG      | rf/ad/D[0]                 |                  |               11 |             24 |
|  clkDiv_reg_BUFG[19] |                            |                  |                7 |             42 |
|  clk_IBUF_BUFG       | cu/aluRegA[23]_i_1_n_0     |                  |                9 |             53 |
+----------------------+----------------------------+------------------+------------------+----------------+


